// Jest Snapshot v1, https://goo.gl/fbAQLP

exports[`Error should render 1`] = `
<DocumentFragment>
  <div
    class="sc-iwyYcG eZCCGl"
    data-testid="error-cointainer"
  >
    <img
      alt="Error"
      class="error-bg"
      src="error.png"
    />
    <div
      class="sc-cxFLnm igzjKP"
    >
      Oops...
    </div>
    <p>
      Sorry, we had a problem loading our resources.
    </p>
    <p>
      Please, try again later!
    </p>
  </div>
</DocumentFragment>
`;
