// Jest Snapshot v1, https://goo.gl/fbAQLP

exports[`LoaderSpinner should render 1`] = `
<DocumentFragment>
  <div
    class="sc-bdfBwQ kpcYzi loader-container"
    data-testid="loader-spinner"
  >
    <div
      class="MuiCircularProgress-root MuiCircularProgress-colorPrimary MuiCircularProgress-indeterminate"
      role="progressbar"
      style="width: 15px; height: 15px; color: rgb(160, 16, 27);"
    >
      <svg
        class="MuiCircularProgress-svg"
        viewBox="22 22 44 44"
      >
        <circle
          class="MuiCircularProgress-circle MuiCircularProgress-circleIndeterminate"
          cx="44"
          cy="44"
          fill="none"
          r="20.2"
          stroke-width="3.6"
        />
      </svg>
    </div>
  </div>
</DocumentFragment>
`;
